../Core/Src/main.c:106:6:stop	8	static
../Core/Src/main.c:115:6:move_forward	16	static
../Core/Src/main.c:128:6:turn_right_time	16	static
../Core/Src/main.c:139:6:turn_right	8	static
../Core/Src/main.c:148:6:turn_left_time	16	static
../Core/Src/main.c:159:6:turn_left	8	static
../Core/Src/main.c:169:6:send_string	16	static
../Core/Src/main.c:175:6:change_speed	16	static
../Core/Src/main.c:184:6:move_forward_1	8	static
../Core/Src/main.c:204:6:ch_0	24	static
../Core/Src/main.c:214:6:ch_10	24	static
../Core/Src/main.c:229:5:main	32	static
../Core/Src/main.c:342:6:SystemClock_Config	88	static
../Core/Src/main.c:388:13:MX_ADC1_Init	24	static
../Core/Src/main.c:449:13:MX_I2C1_Init	8	static
../Core/Src/main.c:483:13:MX_TIM1_Init	80	static
../Core/Src/main.c:552:13:MX_TIM2_Init	56	static
../Core/Src/main.c:601:13:MX_TIM3_Init	32	static
../Core/Src/main.c:646:13:MX_TIM10_Init	8	static
../Core/Src/main.c:677:13:MX_USART2_UART_Init	8	static
../Core/Src/main.c:708:13:MX_DMA_Init	16	static
../Core/Src/main.c:729:13:MX_GPIO_Init	48	static
../Core/Src/main.c:799:6:Error_Handler	4	static,ignoring_inline_asm
